<article1>
<h2>Linux Command Line Basics</h2>

<p>Welcome to the world of Linux command line! This comprehensive guide will introduce you to essential tools and commands that every Linux user should know. Mastering these basics will significantly enhance your productivity and understanding of Linux systems.</p>

<h3>1. Navigation</h3>

<p>Navigating the file system is a fundamental skill. Here are the key commands you'll use frequently:</p>

<code>
pwd # Print Working Directory - shows your current location
ls  # List files and directories in the current directory
ls -l # Detailed list, showing permissions, owner, size, and modification date
ls -a # List all files, including hidden ones (those starting with a dot)
cd  # Change Directory
cd .. # Move up one directory
cd ~ # Go to your home directory
</code>

<p>Example usage:</p>

<code>
$ pwd
/home/user
$ ls -l
total 32
drwxr-xr-x 2 user user 4096 May 5 10:00 Documents
drwxr-xr-x 2 user user 4096 May 5 10:00 Downloads
drwxr-xr-x 2 user user 4096 May 5 10:00 Pictures
$ cd Documents
$ pwd
/home/user/Documents
</code>

<h3>2. File Management</h3>

<p>Efficient file management is crucial. Here are some essential commands:</p>

<code>
touch file.txt  # Create a new empty file
mkdir folder    # Create a new directory
mkdir -p parent/child/grandchild  # Create nested directories
cp source dest  # Copy files or directories
cp -r source_dir dest_dir  # Copy directories recursively
mv source dest  # Move or rename files/directories
rm file.txt     # Remove a file
rm -r folder    # Remove a directory and its contents
rmdir folder    # Remove an empty directory
ln -s target link_name  # Create a symbolic link
</code>

<p>Example usage:</p>

<code>
$ touch myfile.txt
$ mkdir myproject
$ cp myfile.txt myproject/
$ mv myproject/myfile.txt myproject/renamed.txt
$ rm myproject/renamed.txt
$ rmdir myproject
</code>

<h3>3. Viewing File Contents</h3>

<p>Linux provides several ways to view file contents:</p>

<code>
cat file.txt   # Display entire file content
less file.txt  # View file content page by page
head file.txt  # View first 10 lines of a file
head -n 20 file.txt  # View first 20 lines of a file
tail file.txt  # View last 10 lines of a file
tail -f file.txt  # View last lines and follow new additions in real-time
grep pattern file.txt  # Search for a pattern in a file
</code>

<p>Example usage:</p>

<code>
$ cat /etc/hostname
mycomputer
$ head -n 5 /etc/passwd
root:x:0:0:root:/root:/bin/bash
daemon:x:1:1:daemon:/usr/sbin:/usr/sbin/nologin
bin:x:2:2:bin:/bin:/usr/sbin/nologin
sys:x:3:3:sys:/dev:/usr/sbin/nologin
sync:x:4:65534:sync:/bin:/bin/sync
$ grep "bash" /etc/passwd
root:x:0:0:root:/root:/bin/bash
user:x:1000:1000:User,,,:/home/user:/bin/bash
</code>

<h3>4. File Permissions</h3>

<p>Understanding and managing file permissions is crucial for security:</p>

<code>
chmod permissions file  # Change file permissions
chown user:group file  # Change file owner and group
</code>

<p>Permissions are represented by three digits (owner, group, others) where:</p>
<ul>
  <li>4 = read</li>
  <li>2 = write</li>
  <li>1 = execute</li>
</ul>

<p>Example usage:</p>

<code>
$ ls -l myfile.txt
-rw-r--r-- 1 user user 0 May 5 12:00 myfile.txt
$ chmod 755 myfile.txt
$ ls -l myfile.txt
-rwxr-xr-x 1 user user 0 May 5 12:00 myfile.txt
$ chown root:root myfile.txt
$ ls -l myfile.txt
-rwxr-xr-x 1 root root 0 May 5 12:00 myfile.txt
</code>

<h3>5. Process Management</h3>

<p>Managing processes is an important skill:</p>

<code>
ps aux  # List all running processes
top     # Interactive process viewer
kill PID  # Terminate a process by its Process ID
killall process_name  # Terminate all processes with a given name
</code>

<p>Example usage:</p>

<code>
$ ps aux | grep firefox
user     12345  2.0  1.5 1234567 87654 ?   Sl   12:00   0:30 /usr/lib/firefox/firefox
$ kill 12345
</code>

<p>Practice these commands regularly to become more comfortable with the Linux command line interface. Remember, the power of Linux lies in its command line, and mastering these basics will set you on the path to becoming a proficient Linux user!</p>
</article1>

<article2>
<h2>Setting Up a LAMP Stack on Ubuntu</h2>

<p>A LAMP (Linux, Apache, MySQL, PHP) stack is a popular web development environment. This comprehensive guide will walk you through setting it up on Ubuntu, explaining each step in detail.</p>

<h3>1. Update System Packages</h3>

<p>Always start by updating your system to ensure you have the latest security patches and software versions:</p>

<code>
sudo apt update
sudo apt upgrade -y
</code>

<p>The '-y' flag automatically answers yes to prompts, useful for scripting or hands-off upgrades.</p>

<h3>2. Install Apache Web Server</h3>

<p>Apache is the 'A' in LAMP, a robust and popular web server:</p>

<code>
sudo apt install apache2 -y
sudo systemctl start apache2
sudo systemctl enable apache2
</code>

<p>After installation, check if Apache is running:</p>

<code>
sudo systemctl status apache2
</code>

<p>You should see "active (running)" in the output. You can also visit http://localhost in your web browser to see the default Apache page.</p>

<h3>3. Install MySQL Database Server</h3>

<p>MySQL (or its fork, MariaDB) is the 'M' in LAMP, providing database capabilities:</p>

<code>
sudo apt install mysql-server -y
sudo systemctl start mysql
sudo systemctl enable mysql
</code>

<p>Secure your MySQL installation:</p>

<code>
sudo mysql_secure_installation
</code>

<p>This script will guide you through setting a root password, removing anonymous users, disallowing root login remotely, and removing the test database.</p>

<h3>4. Install PHP</h3>

<p>PHP is the 'P' in LAMP, a server-side scripting language:</p>

<code>
sudo apt install php libapache2-mod-php php-mysql -y
sudo systemctl restart apache2
</code>

<p>This installs PHP, the Apache PHP module, and the PHP MySQL extension.</p>

<h3>5. Configure Apache for PHP</h3>

<p>Ensure Apache prioritizes PHP files:</p>

<code>
sudo nano /etc/apache2/mods-enabled/dir.conf
</code>

<p>Move index.php to the front of the DirectoryIndex line:</p>

<code>
DirectoryIndex index.php index.html index.cgi index.pl index.xhtml index.htm
</code>

<p>Save the file (Ctrl+X, then Y, then Enter) and restart Apache:</p>

<code>
sudo systemctl restart apache2
</code>

<h3>6. Test PHP Installation</h3>

<p>Create a PHP info file:</p>

<code>
sudo nano /var/www/html/info.php
</code>

<p>Add the following content:</p>

<code>
<?php
phpinfo();
?>
</code>

<p>Save the file and visit http://localhost/info.php in your browser to verify the PHP installation.</p>

<h3>7. Install phpMyAdmin (Optional)</h3>

<p>phpMyAdmin provides a web interface for managing MySQL databases:</p>

<code>
sudo apt install phpmyadmin -y
</code>

<p>During installation, choose Apache2 as the web server and set up a password for phpMyAdmin.</p>

<h3>8. Configure Firewall</h3>

<p>If you're using UFW (Uncomplicated Firewall), allow Apache through:</p>

<code>
sudo ufw allow in "Apache Full"
sudo ufw enable
sudo ufw status
</code>

<h3>9. Create a Virtual Host (Optional)</h3>

<p>For hosting multiple websites, set up a virtual host:</p>

<code>
sudo mkdir /var/www/yourdomain.com
sudo chown -R $USER:$USER /var/www/yourdomain.com
sudo nano /etc/apache2/sites-available/yourdomain.com.conf
</code>

<p>Add the following configuration:</p>

<code>
<VirtualHost *:80>
    ServerName yourdomain.com
    ServerAlias www.yourdomain.com
    ServerAdmin webmaster@localhost
    DocumentRoot /var/www/yourdomain.com
    ErrorLog ${APACHE_LOG_DIR}/error.log
    CustomLog ${APACHE_LOG_DIR}/access.log combined
</VirtualHost>
</code>

<p>Enable the site and restart Apache:</p>

<code>
sudo a2ensite yourdomain.com.conf
sudo a2dissite 000-default.conf
sudo systemctl restart apache2
</code>

<p>Congratulations! You now have a functioning LAMP stack on your Ubuntu system. This setup provides a robust environment for web development and hosting dynamic websites. Remember to keep your system updated and secure by regularly applying security patches and following best practices for web server configuration.</p>
</article2>

<article3>
<h2>Understanding the Linux File System Hierarchy</h2>

<p>The Linux file system follows a hierarchical structure that may seem complex at first, but understanding it is crucial for effective system administration and usage. Let's explore the main directories and their purposes in depth.</p>

<h3>Root Directory (/)</h3>

<p>The root directory is the top-level directory in the file system hierarchy. All other directories branch from here. It's represented by a forward slash (/).</p>

<h3>Important Directories</h3>

<ul>
  <li><strong>/bin</strong>: Essential command binaries that need to be available in single-user mode; for all users, e.g., cat, ls, cp.</li>
  <li><strong>/boot</strong>: Boot loader files, e.g., kernels, initrd.</li>
  <li><strong>/dev</strong>: Device files, e.g., /dev/null, /dev/sda.</li>
  <li><strong>/etc</strong>: Host-specific system-wide configuration files.</li>
  <li><strong>/home</strong>: Users' home directories, containing saved files, personal settings, etc.</li>
  <li><strong>/lib</strong>: Libraries essential for the binaries in /bin and /sbin.</li>
  <li><strong>/media</strong>: Mount points for removable media such as CD-ROMs.</li>
  <li><strong>/mnt</strong>: Temporarily mounted filesystems.</li>
  <li><strong>/opt</strong>: Optional application software packages.</li>
  <li><strong>/proc</strong>: Virtual filesystem providing process and kernel information as files.</li>
  <li><strong>/root</strong>: Home directory for the root user.</li>
  <li><strong>/sbin</strong>: Essential system binaries, e.g., init, ip, mount.</li>
  <li><strong>/srv</strong>: Site-specific data served by this system, such as data and scripts for web servers, FTP servers, etc.</li>
  <li><strong>/tmp</strong>: Temporary files. Often cleared on system boot.</li>
  <li><strong>/usr</strong>: Secondary hierarchy for read-only user data; contains the majority of multi-user utilities and applications.</li>
  <li><strong>/var</strong>: Variable files—files whose content is expected to continually change during normal operation of the system, such as logs, spool files, and temporary e-mail files.</li>
</ul>

<h3>Detailed Look at Key Directories</h3>

<h4>/etc</h4>
<p>This directory contains configuration files which are local to the machine. Some important files and directories include:</p>
<code>
/etc/passwd - User account information
/etc/shadow - Secure user account information
/etc/hosts - Static table lookup for hostnames
/etc/network/ - Network configuration
/etc/ssh/ - SSH configuration
</code>

<h4>/var</h4>
<p>This directory contains variable data like system logging files, mail and printer spools, and temporary files. Some key subdirectories include:</p>
<code>
/var/log/ - Log files
/var/mail/ - User mailboxes
/var/spool/ - Spool for tasks waiting to be processed
/var/www/ - Web server files
</code>

<h4>/usr</h4>
<p>This is one of the most important directories in the system, containing the majority of user utilities and applications. It has several subdirectories:</p>
<code>
/usr/bin/ - User commands
/usr/sbin/ - System administration commands
/usr/lib/ - Libraries
/usr/local/ - Locally installed software
/usr/share/ - Architecture-independent data
</code>

<h3>File Permissions</h3>

<p>Linux uses a permission system to control access to files and directories. Each file and directory has three user-based permission groups:</p>

<ul>
  <li>Owner: The owner of the file/directory</li>
  <li>Group: The group that owns the file/directory</li>
  <li>Others: Everyone else</li>
</ul>

<p>For each group, the following permissions can be set:</p>

<code>
r (read)    - 4
w (write)   - 2
x (execute) - 1
</code>

<p>Permissions are represented both symbolically (rwx) and numerically (751). For example:</p>

<code>
-rwxr-xr-x = 755
Owner can read, write, and execute
Group can read and execute
Others can read and execute
</code>

<p>You can view permissions using the <code>ls -l</code> command:</p>

<code>
$ ls -l /etc/passwd
-rw-r--r-- 1 root root 2541 May 4 17:45 /etc/passwd
</code>

<p>To modify permissions, use the <code>chmod</code> command:</p>

<code>
chmod 644 file.txt    # Set rw-r--r-- permissions
chmod u+x script.sh   # Add execute permission for the owner
</code>

<p>Understanding the file system hierarchy and permissions is crucial for:</p>
<ul>
  <li>Efficient system administration</li>
  <li>Troubleshooting issues</li>
  <li>Maintaining system security</li>
  <li>Organizing your files effectively</li>
</ul>

<p>As you work more with Linux systems, you'll become more familiar with this structure and find it logical and efficient for managing system resources and user data.</p>
</article3>

<article4>
<h2>Bash Scripting for Automation</h2>

<p>Bash scripting is a powerful tool for automating tasks in Linux. This comprehensive guide will introduce you to the basics of Bash scripting and provide practical examples to help you start creating your own scripts.</p>

<h3>1. Creating a Bash Script</h3>

<p>To create a Bash script, follow these steps:</p>

<ol>
  <li>Create a new file with a .sh extension</li>
  <li>Add the shebang line at the top of the file</li>
  <li>Make the script executable using chmod</li>
</ol>

<p>Example:</p>

<code>
#!/bin/bash

echo "Hello, World!"
</code>

<p>Save this as hello.sh and make it executable:</p>

<code>
chmod +x hello.sh
</code>

<p>Run the script:</p>

<code>
./hello.sh
</code>

<h3>2. Variables</h3>

<p>Variables in Bash are used to store data. Here's how to declare and use variables:</p>

<code>
#!/bin/bash

# Declaring variables
name="John Doe"
age=30

# Using variables
echo "My name is $name and I am $age years old."

# Command substitution
current_date=$(date +%Y-%m-%d)
echo "Today's date is $current_date"

# User input
read -p "Enter your favorite color: " color
echo "Your favorite color is $color"
</code>

<h3>3. Conditional Statements</h3>

<p>Conditional statements allow your script to make decisions. Here are examples of if-else statements:</p>

<code>
#!/bin/bash

# Simple if statement
if [ $1 -gt 10 ]
then
    echo "Number is greater than 10"
fi

# If-else statement
if [ $2 -eq 0 ]
then
    echo "Second argument is zero"
else
    echo "Second argument is not zero"
fi

# If-elif-else statement
if [ $3 -lt 0 ]
then
    echo "Third argument is negative"
elif [ $3 -eq 0 ]
then
    echo "Third argument is zero"
else
    echo "Third argument is positive"
fi

# Checking file existence
if [ -f "/etc/passwd" ]
then
    echo "/etc/passwd exists"
else
    echo "/etc/passwd does not exist"
fi
</code>

<h3>4. Loops</h3>

<p>Loops are used to iterate through data or perform repetitive tasks. Here are examples of for and while loops:</p>

<code>
#!/bin/bash

# For loop
echo "Counting from 1 to 5:"
for i in {1..5}
do
    echo "Number: $i"
done

# While loop
echo "Countdown from 5 to 1:"
count=5
while [ $count -gt 0 ]
do
    echo $count
    count=$((count - 1))
    sleep 1
done
echo "Blast off!"

# Looping through files
echo "Text files in current directory:"
for file in *.txt
do
    echo $file
done
</code>

<h3>5. Functions</h3>

<p>Functions allow you to organize your code into reusable blocks. Here's an example:</p>

<code>
#!/bin/bash

# Defining a function
greet() {
    echo "Hello, $1! Nice to meet you."
}

# Function with return value
calculate_sum() {
    local num1=$1
    local num2=$2
    local sum=$((num1 + num2))
    echo $sum
}

# Calling functions
greet "Alice"
greet "Bob"

result=$(calculate_sum 5 3)
echo "The sum is: $result"
</code>

<h3>6. Command-Line Arguments</h3>

<p>Bash scripts can accept command-line arguments. Here's how to use them:</p>

<code>
#!/bin/bash

echo "Script name: $0"
echo "First argument: $1"
echo "Second argument: $2"
echo "All arguments: $@"
echo "Number of arguments: $#"

# Looping through all arguments
for arg in "$@"
do
    echo "Argument: $arg"
done
</code>

<h3>7. Error Handling</h3>

<p>Proper error handling is crucial for robust scripts. Here's an example:</p>

<code>
#!/bin/bash

# Exit on error
set -e

# Function to clean up before exit
cleanup() {
    echo "Cleaning up..."
    # Add your cleanup code here
}

# Trap errors and call cleanup
trap cleanup EXIT

# Example operation that might fail
echo "Attempting to create a directory..."
mkdir /root/test 2>/dev/null || {
    echo "Error: Failed to create directory. Are you root?"
    exit 1
}

echo "Directory created successfully."
</code>

<h3>8. Practical Example: System Information Script</h3>

<p>Here's a more complex script that gathers and displays system information:</p>

<code>
#!/bin/bash

print_header() {
    echo "================================"
    echo "$1"
    echo "================================"
}

print_header "System Information Script"

echo "Hostname: $(hostname)"
echo "Operating System: $(uname -s)"
echo "Kernel Version: $(uname -r)"
echo "CPU: $(lscpu | grep 'Model name' | cut -f 2 -d ":")"
echo "Memory: $(free -h | awk '/^Mem:/ {print $2}')"

print_header "Disk Usage"
df -h | awk '$NF=="/" {print $NF " " $5}'

print_header "Top 5 CPU-Consuming Processes"
ps aux --sort=-%cpu | head -n 6

print_header "Current Logged-In Users"
who

print_header "Last 5 System Logins"
last -n 5

print_header "Network Interfaces"
ip addr | awk '/^[0-9]+:/ {print $2}' | cut -f1 -d:

echo "Script completed successfully."
</code>

<p>This script demonstrates various Bash scripting concepts and provides useful system information. Save it as system_info.sh, make it executable with chmod +x system_info.sh, and run it with ./system_info.sh.</p>

<p>Practice writing scripts to automate your daily tasks and improve your productivity! As you become more comfortable with Bash scripting, you'll find it an invaluable tool for system administration and task automation.</p>
</article4>

<article5>
<h2>Linux Security Best Practices</h2>

<p>Securing your Linux system is crucial in today's interconnected world. This comprehensive guide covers essential security measures and configurations to protect your Linux system from common threats.</p>

<h3>1. Keep Your System Updated</h3>

<p>Regularly updating your system is one of the most important security practices. It ensures that you have the latest security patches and bug fixes.</p>

<code>
# For Debian-based systems (like Ubuntu):
sudo apt update
sudo apt upgrade

# For Red Hat-based systems (like CentOS):
sudo yum update

# To automate updates on Ubuntu, install unattended-upgrades:
sudo apt install unattended-upgrades
sudo dpkg-reconfigure -plow unattended-upgrades
</code>

<h3>2. Use Strong Passwords</h3>

<p>Enforce strong password policies for all user accounts. You can use the following command to set password complexity requirements:</p>

<code>
sudo nano /etc/security/pwquality.conf
</code>

<p>Add or modify these lines:</p>

<code>
minlen = 12
minclass = 3
maxrepeat = 3
maxclassrepeat = 3
</code>

<p>To enforce password expiration:</p>

<code>
sudo nano /etc/login.defs
</code>

<p>Modify these lines:</p>

<code>
PASS_MAX_DAYS 90
PASS_MIN_DAYS 7
PASS_WARN_AGE 7
</code>

<h3>3. Minimize Installed Packages</h3>

<p>Only install necessary software to reduce potential vulnerabilities. Remove unnecessary packages:</p>

<code>
# List installed packages
dpkg --get-selections | grep -v deinstall

# Remove a package
sudo apt remove package_name

# Remove a package and its dependencies
sudo apt autoremove package_name
</code>

<h3>4. Configure Firewall</h3>

<p>Use UFW (Uncomplicated Firewall) to control incoming and outgoing traffic:</p>

<code>
# Install UFW if not already installed
sudo apt install ufw

# Enable UFW
sudo ufw enable

# Set default policies
sudo ufw default deny incoming
sudo ufw default allow outgoing

# Allow SSH (adjust port if necessary)
sudo ufw allow 22/tcp

# Allow HTTP and HTTPS
sudo ufw allow 80/tcp
sudo ufw allow 443/tcp

# Check UFW status
sudo ufw status verbose
</code>

<h3>5. Secure SSH</h3>

<p>SSH (Secure Shell) is often a target for attackers. Enhance its security:</p>

<code>
sudo nano /etc/ssh/sshd_config
</code>

<p>Make these changes:</p>

<code>
PermitRootLogin no
PasswordAuthentication no
X11Forwarding no
MaxAuthTries 3
</code>

<p>Restart SSH service:</p>

<code>
sudo systemctl restart sshd
</code>

<h3>6. Enable SSH Key Authentication</h3>

<p>Use SSH keys instead of passwords for remote access:</p>

<code>
# On your local machine, generate an SSH key pair
ssh-keygen -t rsa -b 4096

# Copy the public key to the server
ssh-copy-id user@server_ip

# Ensure key-based authentication works before disabling password authentication
</code>

<h3>7. Implement Fail2Ban</h3>

<p>Fail2Ban helps protect against brute-force attacks:</p>

<code>
# Install Fail2Ban
sudo apt install fail2ban

# Copy the configuration file
sudo cp /etc/fail2ban/jail.conf /etc/fail2ban/jail.local

# Edit the configuration
sudo nano /etc/fail2ban/jail.local

# Add or modify these lines in the [sshd] section:
[sshd]
enabled = true
port = ssh
filter = sshd
logpath = /var/log/auth.log
maxretry = 3
bantime = 3600

# Start Fail2Ban
sudo systemctl start fail2ban
sudo systemctl enable fail2ban
</code>

<h3>8. Enable and Configure SELinux or AppArmor</h3>

<p>These are Mandatory Access Control (MAC) systems that provide an additional layer of security:</p>

<code>
# For SELinux (on CentOS/RHEL):
# Check SELinux status
sestatus

# If disabled, enable it in /etc/selinux/config
SELINUX=enforcing

# For AppArmor (on Ubuntu):
# Check AppArmor status
sudo aa-status

# If not active, install and enable it
sudo apt install apparmor apparmor-utils
sudo systemctl enable apparmor
sudo systemctl start apparmor
</code>

<h3>9. Audit and Monitor Your System</h3>

<p>Regular auditing helps detect potential security issues:</p>

<code>
# Install auditd
sudo apt install auditd

# Start and enable the audit daemon
sudo systemctl start auditd
sudo systemctl enable auditd

# View audit logs
sudo ausearch -f /etc/passwd -i
</code>

<h3>10. Encrypt Sensitive Data</h3>

<p>Use encryption for sensitive data, especially on portable devices:</p>

<code>
# Install cryptsetup for full-disk encryption
sudo apt install cryptsetup

# For file-level encryption, use GPG:
gpg -c filename
</code>

<h3>11. Disable Unnecessary Services</h3>

<p>Reduce your attack surface by disabling unnecessary services:</p>

<code>
# List all running services
systemctl list-units --type=service

# Disable a service
sudo systemctl disable service_name
sudo systemctl stop service_name
</code>

<h3>12. Use Secure Protocols</h3>

<p>Always use secure versions of protocols (e.g., SSH instead of Telnet, SFTP instead of FTP).</p>

<h3>13. Implement Intrusion Detection/Prevention System (IDS/IPS)</h3>

<p>Consider installing an IDS/IPS like Snort:</p>

<code>
sudo apt install snort
</code>

<h3>14. Regular Backups</h3>

<p>Implement a robust backup strategy. You can use tools like rsync for this:</p>

<code>
rsync -avz /path/to/source user@remote:/path/to/destination
</code>

<h3>15. User Education</h3>

<p>Educate all users about security best practices, including:</p>
<ul>
  <li>Recognizing phishing attempts</li>
  <li>Using strong, unique passwords</li>
  <li>Being cautious when downloading files or clicking links</li>
</ul>

<p>Implementing these security measures will significantly improve your Linux system's security posture. Remember, security is an ongoing process. Regularly review and update your security measures to stay protected against evolving threats.</p>
</article5>


<article6>
<h2>Package Management in Linux</h2>

<p>Package management is a crucial aspect of Linux system administration. This guide will cover the basics of package management across different Linux distributions, focusing on popular package managers like apt, yum, and pacman.</p>

<h3>1. APT (Advanced Package Tool) for Debian-based Systems</h3>

<p>APT is used in Debian, Ubuntu, and their derivatives. Here are some common commands:</p>

<code>
sudo apt update              # Update package lists
sudo apt upgrade             # Upgrade all upgradable packages
sudo apt install package_name # Install a package
sudo apt remove package_name # Remove a package
sudo apt autoremove          # Remove unnecessary packages
apt search keyword           # Search for a package
apt show package_name        # Show package details
</code>

<h3>2. YUM (Yellowdog Updater Modified) for Red Hat-based Systems</h3>

<p>YUM is used in Red Hat, CentOS, and Fedora. Common commands include:</p>

<code>
sudo yum update              # Update all packages
sudo yum install package_name # Install a package
sudo yum remove package_name # Remove a package
yum search keyword           # Search for a package
yum info package_name        # Show package information
</code>

<h3>3. Pacman for Arch Linux</h3>

<p>Pacman is the package manager for Arch Linux and its derivatives. Key commands:</p>

<code>
sudo pacman -Syu             # Update system
sudo pacman -S package_name  # Install a package
sudo pacman -R package_name  # Remove a package
pacman -Ss keyword           # Search for a package
pacman -Si package_name      # Show package information
</code>

<p>Understanding package management is essential for maintaining a healthy and up-to-date Linux system. Always ensure you're using the correct package manager for your distribution.</p>
</article6>

<article7>
<h2>System Monitoring and Performance Tuning</h2>

<p>Monitoring system resources and optimizing performance are critical skills for Linux administrators. This guide introduces key tools and techniques for system monitoring and performance tuning.</p>

<h3>1. System Monitoring Tools</h3>

<p>Linux provides several built-in tools for monitoring system resources:</p>

<code>
top         # Real-time view of system processes
htop        # Interactive process viewer (may need installation)
free -h     # Display amount of free and used memory
df -h       # Show disk space usage
iostat      # Report CPU statistics and I/O statistics for devices and partitions
vmstat      # Report virtual memory statistics
</code>

<h3>2. Performance Tuning Techniques</h3>

<p>Here are some ways to optimize system performance:</p>

<ul>
  <li>Adjust swappiness: <code>sudo sysctl vm.swappiness=10</code></li>
  <li>Enable/disable services: <code>sudo systemctl disable service_name</code></li>
  <li>Optimize disk I/O scheduling: <code>echo noop > /sys/block/sda/queue/scheduler</code></li>
  <li>Use a lightweight desktop environment or window manager</li>
  <li>Implement caching mechanisms (e.g., Redis, Memcached)</li>
</ul>

<p>Remember, performance tuning should be done carefully and with thorough testing to ensure system stability.</p>
</article7>

<article8>
<h2>Networking in Linux</h2>

<p>Understanding networking in Linux is crucial for system administrators and power users. This guide covers basic networking concepts and common Linux networking commands.</p>

<h3>1. Basic Networking Commands</h3>

<code>
ifconfig    # Display network interfaces (deprecated, use 'ip' instead)
ip addr     # Show IP addresses and network interfaces
ping        # Test network connectivity
traceroute  # Trace the route packets take to a network host
netstat     # Network statistics (deprecated, use 'ss' instead)
ss          # Socket statistics
nslookup    # Query DNS servers
dig         # DNS lookup utility
</code>

<h3>2. Network Configuration</h3>

<p>Network configuration in modern Linux systems often uses NetworkManager. Here are some common tasks:</p>

<code>
nmcli device wifi list                    # List available Wi-Fi networks
nmcli device wifi connect SSID password PASSWORD  # Connect to Wi-Fi
nmcli connection show                     # Show active connections
nmcli connection add type ethernet con-name "My Connection" ifname eth0  # Add a new Ethernet connection
</code>

<p>Understanding these networking basics will help you troubleshoot connectivity issues and configure network settings effectively.</p>
</article8>

<article9>
<h2>Virtualization and Containerization</h2>

<p>Virtualization and containerization are key technologies in modern IT infrastructure. This guide introduces these concepts and their implementation in Linux.</p>

<h3>1. Virtualization with KVM</h3>

<p>KVM (Kernel-based Virtual Machine) is a full virtualization solution for Linux. Here's how to get started:</p>

<code>
sudo apt install qemu-kvm libvirt-daemon-system libvirt-clients bridge-utils  # Install KVM
sudo systemctl is-active libvirtd  # Check if libvirtd is running
sudo virt-manager  # Launch Virtual Machine Manager GUI
</code>

<h3>2. Containerization with Docker</h3>

<p>Docker is a popular containerization platform. Here are basic Docker commands:</p>

<code>
sudo apt install docker.io  # Install Docker
sudo systemctl start docker  # Start Docker service
docker pull ubuntu  # Pull an Ubuntu image
docker run -it ubuntu  # Run an interactive Ubuntu container
docker ps  # List running containers
docker images  # List available images
</code>

<p>Both virtualization and containerization offer ways to isolate applications and services, but with different levels of isolation and resource usage. Choose the appropriate technology based on your specific needs.</p>
</article9>

<article10>
<h2>Shell Scripting Advanced Techniques</h2>

<p>Shell scripting is a powerful tool for automation in Linux. This guide covers advanced techniques to enhance your shell scripting skills.</p>

<h3>1. Functions and Libraries</h3>

<p>Functions help organize and reuse code. Here's an example:</p>

<code>
#!/bin/bash

# Define a function
greet() {
    echo "Hello, $1!"
}

# Call the function
greet "World"
greet "Linux User"
</code>

<h3>2. Error Handling</h3>

<p>Proper error handling improves script reliability:</p>

<code>
#!/bin/bash

set -e  # Exit immediately if a command exits with a non-zero status

# Error handling function
handle_error() {
    echo "An error occurred on line $1"
    exit 1
}

# Set up error handling
trap 'handle_error $LINENO' ERR

# Your script commands here
</code>

<h3>3. Advanced File Operations</h3>

<p>Use powerful commands like awk and sed for text processing:</p>

<code>
# Sum numbers in a file
awk '{ sum += $1 } END { print sum }' numbers.txt

# Replace text in a file
sed -i 's/old_text/new_text/g' file.txt
</code>

<p>These advanced techniques will help you write more efficient and robust shell scripts for complex automation tasks.</p>
</article10>

